17:32:10 **** Auto Build of configuration Debug for project led_hello_world ****
make all 
'Building file: ../src/helloworld.c'
'Invoking: ARM gcc compiler'
arm-xilinx-eabi-gcc -Wall -O0 -g3 -c -fmessage-length=0 -I../../led_hello_world_bsp/ps7_cortexa9_0/include -MMD -MP -MF"src/helloworld.d" -MT"src/helloworld.d" -o "src/helloworld.o" "../src/helloworld.c"
'Finished building: ../src/helloworld.c'
' '
'Building target: led_hello_world.elf'
'Invoking: ARM gcc linker'
arm-xilinx-eabi-gcc -Wl,-T -Wl,../src/lscript.ld -L../../led_hello_world_bsp/ps7_cortexa9_0/lib -o "led_hello_world.elf"  ./src/helloworld.o ./src/platform.o   -Wl,--start-group,-lxil,-lgcc,-lc,--end-group
'Finished building target: led_hello_world.elf'
' '
'Invoking: ARM Print Size'
arm-xilinx-eabi-size led_hello_world.elf  |tee "led_hello_world.elf.size"
   text	   data	    bss	    dec	    hex	filename
  22940	   1096	  29780	  53816	   d238	led_hello_world.elf
'Finished building: led_hello_world.elf.size'
' '

17:32:11 Build Finished (took 733ms)

